*** EVALUATION ***
PROGRAM "\\Mac\Home\Google Drive\School\College\Classes\Year 4\Semester 1\ECE-362\Lab\CodeWarrior Projects\Final Project\Final_Project\bin\Project.abs"

*********************************************************************************************
TARGET SECTION
---------------------------------------------------------------------------------------------
Processor   : Freescale HC12
Memory Model: SMALL
File Format : ELF\DWARF 2.0
Linker      : SmartLinker V-5.0.40 Build 10203, Jul 23 2010

*********************************************************************************************
FILE SECTION
---------------------------------------------------------------------------------------------
main.asm.o                              Model: SMALL,         Lang: Assembler
lcddisp.c.o                             Model: SMALL,         Lang: ANSI-C
mc9s12e128.c.o                          Model: SMALL,         Lang: ANSI-C
potentiometer.c.o                       Model: SMALL,         Lang: ANSI-C
SetLCD_LoadVHS.asm.o                    Model: SMALL,         Lang: Assembler
SetLCD_ParentPswrdSet.asm.o             Model: SMALL,         Lang: Assembler
SetLCD_DateTime.asm.o                   Model: SMALL,         Lang: Assembler
SetLCD_PreviousMenu.asm.o               Model: SMALL,         Lang: Assembler
SetLCD_PlayMovie.asm.o                  Model: SMALL,         Lang: Assembler
SetLCD_RecordNow.asm.o                  Model: SMALL,         Lang: Assembler
SetLCD_RecordLater.asm.o                Model: SMALL,         Lang: Assembler
SetLCD_EjectVHS.asm.o                   Model: SMALL,         Lang: Assembler
SetLCD_FastForward.asm.o                Model: SMALL,         Lang: Assembler
SetLCD_Rewind.asm.o                     Model: SMALL,         Lang: Assembler
SetLCD_Playing.asm.o                    Model: SMALL,         Lang: Assembler
SetLCD_Pasued.asm.o                     Model: SMALL,         Lang: Assembler
SetLCD_Error.asm.o                      Model: SMALL,         Lang: Assembler
Pot_Menu_Selector.asm.o                 Model: SMALL,         Lang: Assembler
SetLCD_SelectSettingsMenu.asm.o         Model: SMALL,         Lang: Assembler
DelayCounter.asm.o                      Model: SMALL,         Lang: Assembler
SetLCD_PlayMenu.asm.o                   Model: SMALL,         Lang: Assembler
SetLCD_MainMenu.asm.o                   Model: SMALL,         Lang: Assembler
SetLCD_SettingsMenu.asm.o               Model: SMALL,         Lang: Assembler
SetLCD_StartMenu.asm.o                  Model: SMALL,         Lang: Assembler
ResetVariables.asm.o                    Model: SMALL,         Lang: Assembler
G.asm.o                                 Model: SMALL,         Lang: Assembler
PG.asm.o                                Model: SMALL,         Lang: Assembler
PG13.asm.o                              Model: SMALL,         Lang: Assembler
R.asm.o                                 Model: SMALL,         Lang: Assembler
MovieLength.asm.o                       Model: SMALL,         Lang: Assembler
Keypad.asm.o                            Model: SMALL,         Lang: Assembler
MRating.asm.o                           Model: SMALL,         Lang: Assembler
SetLCD_PlayButton.asm.o                 Model: SMALL,         Lang: Assembler
RTI_ISR.asm.o                           Model: SMALL,         Lang: Assembler
SetLCD_Rewinding.asm.o                  Model: SMALL,         Lang: Assembler
SetLCD_FastForwarding.asm.o             Model: SMALL,         Lang: Assembler
IRQ_ISR.asm.o                           Model: SMALL,         Lang: Assembler
SendsChr.c.o                            Model: SMALL,         Lang: ANSI-C
SecondsCounter.asm.o                    Model: SMALL,         Lang: Assembler
Song_Play.asm.o                         Model: SMALL,         Lang: Assembler
Song_Eject.asm.o                        Model: SMALL,         Lang: Assembler
Song_Record.asm.o                       Model: SMALL,         Lang: Assembler
SetLCD_EjectingVHS.asm.o                Model: SMALL,         Lang: Assembler
Enter_Date.asm.o                        Model: SMALL,         Lang: Assembler
Enter_Time.asm.o                        Model: SMALL,         Lang: Assembler
Check_Date.asm.o                        Model: SMALL,         Lang: Assembler
Check_Time.asm.o                        Model: SMALL,         Lang: Assembler
Wall_Clock.asm.o                        Model: SMALL,         Lang: Assembler
RecordN.asm.o                           Model: SMALL,         Lang: Assembler
RecordL.asm.o                           Model: SMALL,         Lang: Assembler
Check_Rec_Date.asm.o                    Model: SMALL,         Lang: Assembler
Check_Rec_Time.asm.o                    Model: SMALL,         Lang: Assembler
Enter_Rec_Time.asm.o                    Model: SMALL,         Lang: Assembler
STRec.asm.o                             Model: SMALL,         Lang: Assembler
Check_Play_Time.asm.o                   Model: SMALL,         Lang: Assembler
DivideLED.asm.o                         Model: SMALL,         Lang: Assembler
PlayT.asm.o                             Model: SMALL,         Lang: Assembler
SetPCMO.asm.o                           Model: SMALL,         Lang: Assembler
SetPCPW.asm.o                           Model: SMALL,         Lang: Assembler
NoMatch.asm.o                           Model: SMALL,         Lang: Assembler
PWChanged.asm.o                         Model: SMALL,         Lang: Assembler
NTK.asm.o                               Model: SMALL,         Lang: Assembler
Confirmed.asm.o                         Model: SMALL,         Lang: Assembler
Parent_Control_Display.asm.o            Model: SMALL,         Lang: Assembler
Ent_Curr_PW.asm.o                       Model: SMALL,         Lang: Assembler
ConfirmPW.asm.o                         Model: SMALL,         Lang: Assembler
End_Record_Date.asm.o                   Model: SMALL,         Lang: Assembler
End_Record_Time.asm.o                   Model: SMALL,         Lang: Assembler
Check_RecEnd_Date.asm.o                 Model: SMALL,         Lang: Assembler
Check_RecEnd_Time.asm.o                 Model: SMALL,         Lang: Assembler
SetLCD_RecordingSet.asm.o               Model: SMALL,         Lang: Assembler

*********************************************************************************************
STARTUP SECTION
---------------------------------------------------------------------------------------------
Entry point: 0xC000 (Entry)

*********************************************************************************************
SECTION-ALLOCATION SECTION
Section Name                    Size  Type     From       To       Segment
---------------------------------------------------------------------------------------------
.init                            331     R     0xC000     0xC14A   ROM_C000
.text                            301     R     0xC14B     0xC277   ROM_C000
.stack                           256   R/W      0x400      0x4FF   RAM
.abs_section_8                     1   N/I        0x8        0x8   .absSeg0
.abs_section_9                     1   N/I        0x9        0x9   .absSeg1
.abs_section_a                     1   N/I        0xA        0xA   .absSeg2
.abs_section_b                     1   N/I        0xB        0xB   .absSeg3
.abs_section_c                     1   N/I        0xC        0xC   .absSeg4
.abs_section_d                     1   N/I        0xD        0xD   .absSeg5
.abs_section_e                     1   N/I        0xE        0xE   .absSeg6
.abs_section_10                    1   N/I       0x10       0x10   .absSeg7
.abs_section_11                    1   N/I       0x11       0x11   .absSeg8
.abs_section_13                    1   N/I       0x13       0x13   .absSeg9
.abs_section_15                    1   N/I       0x15       0x15   .absSeg10
.abs_section_16                    1   N/I       0x16       0x16   .absSeg11
.abs_section_19                    1   N/I       0x19       0x19   .absSeg12
.abs_section_1c                    1   N/I       0x1C       0x1C   .absSeg13
.abs_section_1d                    1   N/I       0x1D       0x1D   .absSeg14
.abs_section_1e                    1   N/I       0x1E       0x1E   .absSeg15
.abs_section_1f                    1   N/I       0x1F       0x1F   .absSeg16
.abs_section_20                    1   N/I       0x20       0x20   .absSeg17
.abs_section_21                    1   N/I       0x21       0x21   .absSeg18
.abs_section_24                    1   N/I       0x24       0x24   .absSeg19
.abs_section_25                    1   N/I       0x25       0x25   .absSeg20
.abs_section_28                    1   N/I       0x28       0x28   .absSeg21
.abs_section_29                    1   N/I       0x29       0x29   .absSeg22
.abs_section_2a                    1   N/I       0x2A       0x2A   .absSeg23
.abs_section_2d                    1   N/I       0x2D       0x2D   .absSeg24
.abs_section_30                    1   N/I       0x30       0x30   .absSeg25
.abs_section_32                    1   N/I       0x32       0x32   .absSeg26
.abs_section_33                    1   N/I       0x33       0x33   .absSeg27
.abs_section_34                    1   N/I       0x34       0x34   .absSeg28
.abs_section_35                    1   N/I       0x35       0x35   .absSeg29
.abs_section_37                    1   N/I       0x37       0x37   .absSeg30
.abs_section_38                    1   N/I       0x38       0x38   .absSeg31
.abs_section_39                    1   N/I       0x39       0x39   .absSeg32
.abs_section_3a                    1   N/I       0x3A       0x3A   .absSeg33
.abs_section_3b                    1   N/I       0x3B       0x3B   .absSeg34
.abs_section_3c                    1   N/I       0x3C       0x3C   .absSeg35
.abs_section_3f                    1   N/I       0x3F       0x3F   .absSeg36
.abs_section_40                    1   N/I       0x40       0x40   .absSeg37
.abs_section_41                    1   N/I       0x41       0x41   .absSeg38
.abs_section_42                    1   N/I       0x42       0x42   .absSeg39
.abs_section_43                    1   N/I       0x43       0x43   .absSeg40
.abs_section_46                    1   N/I       0x46       0x46   .absSeg41
.abs_section_47                    1   N/I       0x47       0x47   .absSeg42
.abs_section_48                    1   N/I       0x48       0x48   .absSeg43
.abs_section_4a                    1   N/I       0x4A       0x4A   .absSeg44
.abs_section_4c                    1   N/I       0x4C       0x4C   .absSeg45
.abs_section_4d                    1   N/I       0x4D       0x4D   .absSeg46
.abs_section_4e                    1   N/I       0x4E       0x4E   .absSeg47
.abs_section_4f                    1   N/I       0x4F       0x4F   .absSeg48
.abs_section_60                    1   N/I       0x60       0x60   .absSeg49
.abs_section_61                    1   N/I       0x61       0x61   .absSeg50
.abs_section_86                    1   N/I       0x86       0x86   .absSeg51
.abs_section_89                    1   N/I       0x89       0x89   .absSeg52
.abs_section_8a                    1   N/I       0x8A       0x8A   .absSeg53
.abs_section_8b                    1   N/I       0x8B       0x8B   .absSeg54
.abs_section_8e                    1   N/I       0x8E       0x8E   .absSeg55
.abs_section_8f                    1   N/I       0x8F       0x8F   .absSeg56
.abs_section_ca                    1   N/I       0xCA       0xCA   .absSeg57
.abs_section_cb                    1   N/I       0xCB       0xCB   .absSeg58
.abs_section_cc                    1   N/I       0xCC       0xCC   .absSeg59
.abs_section_cd                    1   N/I       0xCD       0xCD   .absSeg60
.abs_section_ce                    1   N/I       0xCE       0xCE   .absSeg61
.abs_section_cf                    1   N/I       0xCF       0xCF   .absSeg62
.abs_section_d2                    1   N/I       0xD2       0xD2   .absSeg63
.abs_section_d3                    1   N/I       0xD3       0xD3   .absSeg64
.abs_section_d4                    1   N/I       0xD4       0xD4   .absSeg65
.abs_section_d5                    1   N/I       0xD5       0xD5   .absSeg66
.abs_section_d6                    1   N/I       0xD6       0xD6   .absSeg67
.abs_section_d7                    1   N/I       0xD7       0xD7   .absSeg68
.abs_section_d8                    1   N/I       0xD8       0xD8   .absSeg69
.abs_section_d9                    1   N/I       0xD9       0xD9   .absSeg70
.abs_section_da                    1   N/I       0xDA       0xDA   .absSeg71
.abs_section_db                    1   N/I       0xDB       0xDB   .absSeg72
.abs_section_dd                    1   N/I       0xDD       0xDD   .absSeg73
.abs_section_e0                    1   N/I       0xE0       0xE0   .absSeg74
.abs_section_e1                    1   N/I       0xE1       0xE1   .absSeg75
.abs_section_e2                    1   N/I       0xE2       0xE2   .absSeg76
.abs_section_e3                    1   N/I       0xE3       0xE3   .absSeg77
.abs_section_e4                    1   N/I       0xE4       0xE4   .absSeg78
.abs_section_ea                    1   N/I       0xEA       0xEA   .absSeg79
.abs_section_eb                    1   N/I       0xEB       0xEB   .absSeg80
.abs_section_ec                    1   N/I       0xEC       0xEC   .absSeg81
.abs_section_ed                    1   N/I       0xED       0xED   .absSeg82
.abs_section_ee                    1   N/I       0xEE       0xEE   .absSeg83
.abs_section_ef                    1   N/I       0xEF       0xEF   .absSeg84
.abs_section_f0                    1   N/I       0xF0       0xF0   .absSeg85
.abs_section_f2                    1   N/I       0xF2       0xF2   .absSeg86
.abs_section_f3                    1   N/I       0xF3       0xF3   .absSeg87
.abs_section_f4                    1   N/I       0xF4       0xF4   .absSeg88
.abs_section_f6                    1   N/I       0xF6       0xF6   .absSeg89
.abs_section_f7                    1   N/I       0xF7       0xF7   .absSeg90
.abs_section_100                   1   N/I      0x100      0x100   .absSeg91
.abs_section_101                   1   N/I      0x101      0x101   .absSeg92
.abs_section_103                   1   N/I      0x103      0x103   .absSeg93
.abs_section_104                   1   N/I      0x104      0x104   .absSeg94
.abs_section_105                   1   N/I      0x105      0x105   .absSeg95
.abs_section_106                   1   N/I      0x106      0x106   .absSeg96
.abs_section_140                   1   N/I      0x140      0x140   .absSeg97
.abs_section_141                   1   N/I      0x141      0x141   .absSeg98
.abs_section_142                   1   N/I      0x142      0x142   .absSeg99
.abs_section_143                   1   N/I      0x143      0x143   .absSeg100
.abs_section_146                   1   N/I      0x146      0x146   .absSeg101
.abs_section_147                   1   N/I      0x147      0x147   .absSeg102
.abs_section_148                   1   N/I      0x148      0x148   .absSeg103
.abs_section_14a                   1   N/I      0x14A      0x14A   .absSeg104
.abs_section_14c                   1   N/I      0x14C      0x14C   .absSeg105
.abs_section_14d                   1   N/I      0x14D      0x14D   .absSeg106
.abs_section_14e                   1   N/I      0x14E      0x14E   .absSeg107
.abs_section_14f                   1   N/I      0x14F      0x14F   .absSeg108
.abs_section_160                   1   N/I      0x160      0x160   .absSeg109
.abs_section_161                   1   N/I      0x161      0x161   .absSeg110
.abs_section_180                   1   N/I      0x180      0x180   .absSeg111
.abs_section_181                   1   N/I      0x181      0x181   .absSeg112
.abs_section_182                   1   N/I      0x182      0x182   .absSeg113
.abs_section_183                   1   N/I      0x183      0x183   .absSeg114
.abs_section_186                   1   N/I      0x186      0x186   .absSeg115
.abs_section_187                   1   N/I      0x187      0x187   .absSeg116
.abs_section_188                   1   N/I      0x188      0x188   .absSeg117
.abs_section_18a                   1   N/I      0x18A      0x18A   .absSeg118
.abs_section_18c                   1   N/I      0x18C      0x18C   .absSeg119
.abs_section_18d                   1   N/I      0x18D      0x18D   .absSeg120
.abs_section_18e                   1   N/I      0x18E      0x18E   .absSeg121
.abs_section_18f                   1   N/I      0x18F      0x18F   .absSeg122
.abs_section_1a0                   1   N/I      0x1A0      0x1A0   .absSeg123
.abs_section_1a1                   1   N/I      0x1A1      0x1A1   .absSeg124
.abs_section_1e0                   1   N/I      0x1E0      0x1E0   .absSeg125
.abs_section_1e1                   1   N/I      0x1E1      0x1E1   .absSeg126
.abs_section_1e2                   1   N/I      0x1E2      0x1E2   .absSeg127
.abs_section_1e3                   1   N/I      0x1E3      0x1E3   .absSeg128
.abs_section_1e4                   1   N/I      0x1E4      0x1E4   .absSeg129
.abs_section_1e5                   1   N/I      0x1E5      0x1E5   .absSeg130
.abs_section_1e8                   1   N/I      0x1E8      0x1E8   .absSeg131
.abs_section_1e9                   1   N/I      0x1E9      0x1E9   .absSeg132
.abs_section_1fe                   1   N/I      0x1FE      0x1FE   .absSeg133
.abs_section_200                   1   N/I      0x200      0x200   .absSeg134
.abs_section_201                   1   N/I      0x201      0x201   .absSeg135
.abs_section_202                   1   N/I      0x202      0x202   .absSeg136
.abs_section_203                   1   N/I      0x203      0x203   .absSeg137
.abs_section_204                   1   N/I      0x204      0x204   .absSeg138
.abs_section_205                   1   N/I      0x205      0x205   .absSeg139
.abs_section_206                   1   N/I      0x206      0x206   .absSeg140
.abs_section_207                   1   N/I      0x207      0x207   .absSeg141
.abs_section_208                   1   N/I      0x208      0x208   .absSeg142
.abs_section_209                   1   N/I      0x209      0x209   .absSeg143
.abs_section_20a                   1   N/I      0x20A      0x20A   .absSeg144
.abs_section_20c                   1   N/I      0x20C      0x20C   .absSeg145
.abs_section_20d                   1   N/I      0x20D      0x20D   .absSeg146
.abs_section_20e                   1   N/I      0x20E      0x20E   .absSeg147
.abs_section_20f                   1   N/I      0x20F      0x20F   .absSeg148
.abs_section_220                   1   N/I      0x220      0x220   .absSeg149
.abs_section_221                   1   N/I      0x221      0x221   .absSeg150
.abs_section_228                   1   N/I      0x228      0x228   .absSeg151
.abs_section_229                   1   N/I      0x229      0x229   .absSeg152
.abs_section_230                   1   N/I      0x230      0x230   .absSeg153
.abs_section_231                   1   N/I      0x231      0x231   .absSeg154
.abs_section_240                   1   N/I      0x240      0x240   .absSeg155
.abs_section_241                   1   N/I      0x241      0x241   .absSeg156
.abs_section_242                   1   N/I      0x242      0x242   .absSeg157
.abs_section_243                   1   N/I      0x243      0x243   .absSeg158
.abs_section_244                   1   N/I      0x244      0x244   .absSeg159
.abs_section_245                   1   N/I      0x245      0x245   .absSeg160
.abs_section_248                   1   N/I      0x248      0x248   .absSeg161
.abs_section_249                   1   N/I      0x249      0x249   .absSeg162
.abs_section_24a                   1   N/I      0x24A      0x24A   .absSeg163
.abs_section_24b                   1   N/I      0x24B      0x24B   .absSeg164
.abs_section_24c                   1   N/I      0x24C      0x24C   .absSeg165
.abs_section_24d                   1   N/I      0x24D      0x24D   .absSeg166
.abs_section_24e                   1   N/I      0x24E      0x24E   .absSeg167
.abs_section_250                   1   N/I      0x250      0x250   .absSeg168
.abs_section_251                   1   N/I      0x251      0x251   .absSeg169
.abs_section_252                   1   N/I      0x252      0x252   .absSeg170
.abs_section_253                   1   N/I      0x253      0x253   .absSeg171
.abs_section_254                   1   N/I      0x254      0x254   .absSeg172
.abs_section_255                   1   N/I      0x255      0x255   .absSeg173
.abs_section_256                   1   N/I      0x256      0x256   .absSeg174
.abs_section_258                   1   N/I      0x258      0x258   .absSeg175
.abs_section_259                   1   N/I      0x259      0x259   .absSeg176
.abs_section_25a                   1   N/I      0x25A      0x25A   .absSeg177
.abs_section_25b                   1   N/I      0x25B      0x25B   .absSeg178
.abs_section_25c                   1   N/I      0x25C      0x25C   .absSeg179
.abs_section_25d                   1   N/I      0x25D      0x25D   .absSeg180
.abs_section_260                   1   N/I      0x260      0x260   .absSeg181
.abs_section_261                   1   N/I      0x261      0x261   .absSeg182
.abs_section_262                   1   N/I      0x262      0x262   .absSeg183
.abs_section_263                   1   N/I      0x263      0x263   .absSeg184
.abs_section_264                   1   N/I      0x264      0x264   .absSeg185
.abs_section_265                   1   N/I      0x265      0x265   .absSeg186
.abs_section_268                   1   N/I      0x268      0x268   .absSeg187
.abs_section_269                   1   N/I      0x269      0x269   .absSeg188
.abs_section_26a                   1   N/I      0x26A      0x26A   .absSeg189
.abs_section_26b                   1   N/I      0x26B      0x26B   .absSeg190
.abs_section_26c                   1   N/I      0x26C      0x26C   .absSeg191
.abs_section_26d                   1   N/I      0x26D      0x26D   .absSeg192
.abs_section_26e                   1   N/I      0x26E      0x26E   .absSeg193
.abs_section_0                     2   N/I        0x0        0x1   .absSeg194
.abs_section_2                     2   N/I        0x2        0x3   .absSeg195
.abs_section_1a                    2   N/I       0x1A       0x1B   .absSeg196
.abs_section_22                    2   N/I       0x22       0x23   .absSeg197
.abs_section_26                    2   N/I       0x26       0x27   .absSeg198
.abs_section_2b                    2   N/I       0x2B       0x2C   .absSeg199
.abs_section_2e                    2   N/I       0x2E       0x2F   .absSeg200
.abs_section_44                    2   N/I       0x44       0x45   .absSeg201
.abs_section_58                    2   N/I       0x58       0x59   .absSeg202
.abs_section_5a                    2   N/I       0x5A       0x5B   .absSeg203
.abs_section_5c                    2   N/I       0x5C       0x5D   .absSeg204
.abs_section_5e                    2   N/I       0x5E       0x5F   .absSeg205
.abs_section_62                    2   N/I       0x62       0x63   .absSeg206
.abs_section_82                    2   N/I       0x82       0x83   .absSeg207
.abs_section_84                    2   N/I       0x84       0x85   .absSeg208
.abs_section_8c                    2   N/I       0x8C       0x8D   .absSeg209
.abs_section_90                    2   N/I       0x90       0x91   .absSeg210
.abs_section_92                    2   N/I       0x92       0x93   .absSeg211
.abs_section_94                    2   N/I       0x94       0x95   .absSeg212
.abs_section_96                    2   N/I       0x96       0x97   .absSeg213
.abs_section_98                    2   N/I       0x98       0x99   .absSeg214
.abs_section_9a                    2   N/I       0x9A       0x9B   .absSeg215
.abs_section_9c                    2   N/I       0x9C       0x9D   .absSeg216
.abs_section_9e                    2   N/I       0x9E       0x9F   .absSeg217
.abs_section_a0                    2   N/I       0xA0       0xA1   .absSeg218
.abs_section_a2                    2   N/I       0xA2       0xA3   .absSeg219
.abs_section_a4                    2   N/I       0xA4       0xA5   .absSeg220
.abs_section_a6                    2   N/I       0xA6       0xA7   .absSeg221
.abs_section_a8                    2   N/I       0xA8       0xA9   .absSeg222
.abs_section_aa                    2   N/I       0xAA       0xAB   .absSeg223
.abs_section_ac                    2   N/I       0xAC       0xAD   .absSeg224
.abs_section_ae                    2   N/I       0xAE       0xAF   .absSeg225
.abs_section_c8                    2   N/I       0xC8       0xC9   .absSeg226
.abs_section_d0                    2   N/I       0xD0       0xD1   .absSeg227
.abs_section_e8                    2   N/I       0xE8       0xE9   .absSeg228
.abs_section_144                   2   N/I      0x144      0x145   .absSeg229
.abs_section_158                   2   N/I      0x158      0x159   .absSeg230
.abs_section_15a                   2   N/I      0x15A      0x15B   .absSeg231
.abs_section_15c                   2   N/I      0x15C      0x15D   .absSeg232
.abs_section_15e                   2   N/I      0x15E      0x15F   .absSeg233
.abs_section_162                   2   N/I      0x162      0x163   .absSeg234
.abs_section_184                   2   N/I      0x184      0x185   .absSeg235
.abs_section_198                   2   N/I      0x198      0x199   .absSeg236
.abs_section_19a                   2   N/I      0x19A      0x19B   .absSeg237
.abs_section_19c                   2   N/I      0x19C      0x19D   .absSeg238
.abs_section_19e                   2   N/I      0x19E      0x19F   .absSeg239
.abs_section_1a2                   2   N/I      0x1A2      0x1A3   .absSeg240
.abs_section_1ec                   2   N/I      0x1EC      0x1ED   .absSeg241
.abs_section_1ee                   2   N/I      0x1EE      0x1EF   .absSeg242
.abs_section_1f0                   2   N/I      0x1F0      0x1F1   .absSeg243
.abs_section_1f2                   2   N/I      0x1F2      0x1F3   .absSeg244
.abs_section_1f4                   2   N/I      0x1F4      0x1F5   .absSeg245
.abs_section_1f6                   2   N/I      0x1F6      0x1F7   .absSeg246
.abs_section_1f8                   2   N/I      0x1F8      0x1F9   .absSeg247
.abs_section_1fa                   2   N/I      0x1FA      0x1FB   .absSeg248
.abs_section_1fc                   2   N/I      0x1FC      0x1FD   .absSeg249
.abs_section_210                   2   N/I      0x210      0x211   .absSeg250
.abs_section_212                   2   N/I      0x212      0x213   .absSeg251
.abs_section_214                   2   N/I      0x214      0x215   .absSeg252
.abs_section_216                   2   N/I      0x216      0x217   .absSeg253
.abs_section_218                   2   N/I      0x218      0x219   .absSeg254
.abs_section_21a                   2   N/I      0x21A      0x21B   .absSeg255
.abs_section_222                   2   N/I      0x222      0x223   .absSeg256
.abs_section_224                   2   N/I      0x224      0x225   .absSeg257
.abs_section_226                   2   N/I      0x226      0x227   .absSeg258
.abs_section_22a                   2   N/I      0x22A      0x22B   .absSeg259
.abs_section_22c                   2   N/I      0x22C      0x22D   .absSeg260
.abs_section_22e                   2   N/I      0x22E      0x22F   .absSeg261
.abs_section_232                   2   N/I      0x232      0x233   .absSeg262
.abs_section_234                   2   N/I      0x234      0x235   .absSeg263
.abs_section_236                   2   N/I      0x236      0x237   .absSeg264
.abs_section_270                   2   N/I      0x270      0x271   .absSeg265
.abs_section_272                   2   N/I      0x272      0x273   .absSeg266
.abs_section_274                   2   N/I      0x274      0x275   .absSeg267
.abs_section_276                   2   N/I      0x276      0x277   .absSeg268
.abs_section_278                   2   N/I      0x278      0x279   .absSeg269
.abs_section_27a                   2   N/I      0x27A      0x27B   .absSeg270
.abs_section_27c                   2   N/I      0x27C      0x27D   .absSeg271
.abs_section_27e                   2   N/I      0x27E      0x27F   .absSeg272
.bss                               6   R/W      0x500      0x505   RAM
Constants                       2530     R     0xC278     0xCC59   ROM_C000
Variables                        186   R/W      0x506      0x5BF   RAM
.common                            2   R/W      0x5C0      0x5C1   RAM
SetLCD_LoadVHS.asm._SEC000000         92     R     0xCC5A     0xCCB5   ROM_C000
SetLCD_ParentPswrdSet.asm._SEC000000         92     R     0xCCB6     0xCD11   ROM_C000
SetLCD_DateTime.asm._SEC000000         92     R     0xCD12     0xCD6D   ROM_C000
SetLCD_PreviousMenu.asm._SEC000000         92     R     0xCD6E     0xCDC9   ROM_C000
SetLCD_PlayMovie.asm._SEC000000         92     R     0xCDCA     0xCE25   ROM_C000
SetLCD_RecordNow.asm._SEC000000         92     R     0xCE26     0xCE81   ROM_C000
SetLCD_RecordLater.asm._SEC000000         92     R     0xCE82     0xCEDD   ROM_C000
SetLCD_EjectVHS.asm._SEC000000         92     R     0xCEDE     0xCF39   ROM_C000
SetLCD_FastForward.asm._SEC000000         98     R     0xCF3A     0xCF9B   ROM_C000
SetLCD_Rewind.asm._SEC000000         98     R     0xCF9C     0xCFFD   ROM_C000
SetLCD_Playing.asm._SEC000000         98     R     0xCFFE     0xD05F   ROM_C000
SetLCD_Pasued.asm._SEC000000         98     R     0xD060     0xD0C1   ROM_C000
SetLCD_Error.asm._SEC000000        172     R     0xD0C2     0xD16D   ROM_C000
Pot_Menu_Selector.asm._SEC000000        381     R     0xD16E     0xD2EA   ROM_C000
SetLCD_SelectSettingsMenu.asm._SEC000000         92     R     0xD2EB     0xD346   ROM_C000
DelayCounter.asm._SEC000000          9     R     0xD347     0xD34F   ROM_C000
SetLCD_PlayMenu.asm._SEC000000        578     R     0xD350     0xD591   ROM_C000
SetLCD_MainMenu.asm._SEC000000        479     R     0xD592     0xD770   ROM_C000
SetLCD_SettingsMenu.asm._SEC000000        276     R     0xD771     0xD884   ROM_C000
SetLCD_StartMenu.asm._SEC000000        310     R     0xD885     0xD9BA   ROM_C000
ResetVariables.asm._SEC000000         52     R     0xD9BB     0xD9EE   ROM_C000
G.asm._SEC000000                  92     R     0xD9EF     0xDA4A   ROM_C000
PG.asm._SEC000000                 92     R     0xDA4B     0xDAA6   ROM_C000
PG13.asm._SEC000000               92     R     0xDAA7     0xDB02   ROM_C000
R.asm._SEC000000                  92     R     0xDB03     0xDB5E   ROM_C000
MyConstants                      671     R     0xDB5F     0xDDFD   ROM_C000
MyVariables                        1   R/W      0x5C2      0x5C2   RAM
MRating.asm._SEC000000           745     R     0xDDFE     0xE0E6   ROM_C000
SetLCD_PlayButton.asm._SEC000000         92     R     0xE0E7     0xE142   ROM_C000
SetLCD_Rewinding.asm._SEC000000        360     R     0xE143     0xE2AA   ROM_C000
SetLCD_FastForwarding.asm._SEC000000        360     R     0xE2AB     0xE412   ROM_C000
IRQ_ISR.asm._SEC000000            94     R     0xE413     0xE470   ROM_C000
SecondsCounter.asm._SEC000000        106     R     0xE471     0xE4DA   ROM_C000
Song_Play.asm._SEC000000          33     R     0xE4DB     0xE4FB   ROM_C000
Song_Eject.asm._SEC000000         33     R     0xE4FC     0xE51C   ROM_C000
Song_Record.asm._SEC000000         33     R     0xE51D     0xE53D   ROM_C000
SetLCD_EjectingVHS.asm._SEC000000        200     R     0xE53E     0xE605   ROM_C000
My_Constants                    1814     R     0xE606     0xED1B   ROM_C000
My_Variables                    1328     R     0xED1C     0xF24B   ROM_C000
STRec.asm._SEC000000              54     R     0xF24C     0xF281   ROM_C000
DivideLED.asm._SEC000000          83     R     0xF282     0xF2D4   ROM_C000
SetPCMO.asm._SEC000000            92     R     0xF2D5     0xF330   ROM_C000
SetPCPW.asm._SEC000000            92     R     0xF331     0xF38C   ROM_C000
NoMatch.asm._SEC000000           189     R     0xF38D     0xF449   ROM_C000
PWChanged.asm._SEC000000         187     R     0xF44A     0xF504   ROM_C000
NTK.asm._SEC000000               187     R     0xF505     0xF5BF   ROM_C000
Confirmed.asm._SEC000000         187     R     0xF5C0     0xF67A   ROM_C000
Parent_Control_Display.asm._SEC000000        512     R     0xF67B     0xF87A   ROM_C000
My_Variable                      439     R     0xF87B     0xFA31   ROM_C000
SetLCD_RecordingSet.asm._SEC000000        189     R     0xFA32     0xFAEE   ROM_C000
.vectSeg273_vect                   4     R     0xFFF0     0xFFF3   .vectSeg273
.vectSeg274_vect                   2     R     0xFFFE     0xFFFF   .vectSeg274

Summary of section sizes per section type:
READ_ONLY (R):        3AF5 (dec:    15093)
READ_WRITE (R/W):      1C3 (dec:      451)
NO_INIT (N/I):         160 (dec:      352)

*********************************************************************************************
VECTOR-ALLOCATION SECTION
    Address     InitValue   InitFunction
---------------------------------------------------------------------------------------------
     0xFFF0        0xC2E2   RTI_ISR
     0xFFF2        0xE413   IRQ_ISR
     0xFFFE        0xC000   Entry

*********************************************************************************************
OBJECT-ALLOCATION SECTION
     Name               Module                 Addr   hSize   dSize     Ref    Section   RLIB
---------------------------------------------------------------------------------------------
MODULE:                 -- main.asm.o --
- PROCEDURES:
     Entry                                     C000     14B     331       0   .init       
     _Startup                                  C000       0       0       0   .init       
- VARIABLES:
     disp                                       506      21      33    1136   Variables   
     Menu                                       527       1       1      24   Variables   
     Option                                     528       1       1      37   Variables   
     PValue_Testing                             529       1       1      16   Variables   
     PB_Testing                                 52A       1       1      20   Variables   
     PreviousMenu                               52B       1       1      21   Variables   
     Counter                                    52C       1       1       4   Variables   
     Alternator                                 52D       1       1      12   Variables   
     RTICounter1                                52E       1       1      32   Variables   
     RTICounter2                                52F       2       2       7   Variables   
     SpeedSwitch                                531       1       1      13   Variables   
     SpeedTesting                               532       2       2       1   Variables   
     SpeedSetting                               534       1       1      11   Variables   
     Repeats                                    535       1       1       7   Variables   
     Repeats2                                   536       2       2      12   Variables   
     Num_Repeats                                538       1       1       6   Variables   
     Num_Seconds                                539       2       2       3   Variables   
     Num_HalfSeconds                            53B       2       2       5   Variables   
     Num_QuarterSeconds                         53D       2       2       7   Variables   
     StepperHalfTurn                            53F       1       1       1   Variables   
     PreviousAlternate                          540       1       1       1   Variables   
     RTI_Load_VHS                               541       1       1       6   Variables   
     RTI_Eject_VHS                              542       1       1       7   Variables   
     ScreenSaverSeconds                         543       1       1       2   Variables   
     StepperSpeed                               544       2       2       9   Variables   
     PreviousSpeed                              546       2       2       7   Variables   
     StepperTesting                             548       1       1       9   Variables   
     AccellerateDone                            549       1       1      13   Variables   
     Run3SecDone                                54A       1       1       7   Variables   
     SlowDownDone                               54B       1       1       7   Variables   
     HalfTurnDone                               54C       1       1      11   Variables   
     HalfTurnCounter                            54D       1       1       3   Variables   
     VHSLoaded                                  54E       1       1       7   Variables   
     SwitchMenu                                 54F       1       1      14   Variables   
     t_off                                      550       1       1       3   Variables   
     t_on                                       551       1       1       5   Variables   
     StartPlaying                               552       1       1      12   Variables   
     DC_Speed                                   553       1       1      13   Variables   
     FForRewind                                 554       1       1       9   Variables   
     ToneCount                                  555       1       1      10   Variables   
     MicroSeconds                               556       2       2       4   Variables   
     SongDone                                   558       1       1      12   Variables   
     SkipBo                                     559       1       1       4   Variables   
     ParentRating                               55A       1       1       7   Variables   
     PassSET                                    55B       1       1       1   Variables   
     PASS                                       55C       4       4       9   Variables   
     StoreIND                                   560       1       1      33   Variables   
     CONF                                       561       4       4       8   Variables   
     Count2                                     565       1       1      56   Variables   
     PSET                                       566       1       1       1   Variables   
     PCON                                       567       1       1       4   Variables   
     ConfPW                                     568       1       1       9   Variables   
     StartF                                     569       1       1       3   Variables   
     PWCFlg                                     56A       1       1       3   Variables   
     MO                                         56B       2       2      11   Variables   
     DAY                                        56D       2       2      11   Variables   
     YEAR                                       56F       4       4      17   Variables   
     HH                                         573       2       2      11   Variables   
     MM                                         575       2       2      10   Variables   
     SS                                         577       2       2      10   Variables   
     CountMS                                    579       2       2      41   Variables   
     countMS                                    57B       2       2       4   Variables   
     SSaverFlg                                  57D       1       1      13   Variables   
     SECOND                                     57E       1       1      33   Variables   
     CurrSSSet                                  57F       1       1      21   Variables   
     SSKeypad                                   580       1       1       9   Variables   
     MTime                                      581       5       5      13   Variables   
     COUNTMS                                    586       2       2       4   Variables   
     PlayPause                                  588       1       1      25   Variables   
     VALFLG                                     589       1       1       0   Variables   
     DivVal                                     58A       4       4      12   Variables   
     LEDVAL                                     58E       1       1      14   Variables   
     countMS1                                   58F       1       1       4   Variables   
     CounterLED                                 590       4       4       4   Variables   
     RECNH                                      594       1       1       5   Variables   
     RECNTM                                     595       1       1       5   Variables   
     RECNOM                                     596       1       1       5   Variables   
     RECNTS                                     597       1       1       5   Variables   
     RECNOS                                     598       1       1       5   Variables   
     RECNMS                                     599       2       2       4   Variables   
     RMO                                        59B       2       2       4   Variables   
     RDAY                                       59D       2       2       4   Variables   
     RYEAR                                      59F       4       4       6   Variables   
     RHH                                        5A3       2       2       5   Variables   
     RMM                                        5A5       2       2       5   Variables   
     RSS                                        5A7       2       2       5   Variables   
     RecLSet                                    5A9       1       1       3   Variables   
     Comp                                       5AA       1       1       6   Variables   
     PlaySpeed                                  5AB       1       1       9   Variables   
     LoadingDots                                5AC       1       1       7   Variables   
     MovieDone                                  5AD       1       1       4   Variables   
     RatingLimitSet                             5AE       1       1       5   Variables   
     PCDisp                                     5AF       1       1       3   Variables   
     ERMO                                       5B0       2       2       2   Variables   
     ERDAY                                      5B2       2       2       2   Variables   
     ERYEAR                                     5B4       4       4       5   Variables   
     ERHH                                       5B8       2       2       3   Variables   
     ERMM                                       5BA       2       2       3   Variables   
     ERSS                                       5BC       2       2       3   Variables   
     PasswordSet                                5BE       1       1       5   Variables   
     RSongDone                                  5BF       1       1       3   Variables   
     StepperForward                            C278       5       5       3   Constants   
     StepperBackward                           C27D       5       5       3   Constants   
     StepperSpeedFWD                           C282      16      22       2   Constants   
     StepperSpeedBCK                           C298      16      22       2   Constants   
     DutyCycle                                 C2AE      10      16       0   Constants   
     SpeakerData                               C2BE       C      12       0   Constants   
     Eject_Sequence                            C2CA       8       8       1   Constants   
     Play_Sequence                             C2D2       8       8       1   Constants   
     Record_Sequence                           C2DA       8       8       1   Constants   
- LABELS:
     RTI_Flag                                    37       0       0       2   .text       
     RTI_Enable                                  38       0       0       0   .text       
     RTI_Interval                                3B       0       0       0   .text       
     Port_t                                     240       0       0      14   .text       
     Port_t_DDR                                 242       0       0       0   .text       
     port_s                                     248       0       0       9   .text       
     Port_P                                     258       0       0      62   .text       
     port_u                                     268       0       0       3   .text       
     port_u_ddr                                 26A       0       0       0   .text       
     port_u_pde                                 26C       0       0       0   .text       
     port_u_psr                                 26D       0       0       0   .text       
MODULE:                 -- lcddisp.c.o --
- PROCEDURES:
     delay_ms                                  C14B      17      23       5   .text       
     init_LCD                                  C162      52      82       1   .text       
     display_string                            C1B4      38      56      85   .text       
     Delay                                     C1EC      1F      31       1   .text       
     epulse                                    C20B      24      36       3   .text       
     sendCommand                               C22F       F      15       7   .text       
- VARIABLES:
     data                                       500       2       2       4   .bss        
MODULE:                 -- mc9s12e128.c.o --
- PROCEDURES:
- VARIABLES:
     _PORTE                                       8       1       1       0   .abs_section_8
     _DDRE                                        9       1       1       0   .abs_section_9
     _PEAR                                        A       1       1       0   .abs_section_a
     _MODE                                        B       1       1       0   .abs_section_b
     _PUCR                                        C       1       1       0   .abs_section_c
     _RDRIV                                       D       1       1       0   .abs_section_d
     _EBICTL                                      E       1       1       0   .abs_section_e
     _INITRM                                     10       1       1       0   .abs_section_10
     _INITRG                                     11       1       1       0   .abs_section_11
     _MISC                                       13       1       1       0   .abs_section_13
     _ITCR                                       15       1       1       0   .abs_section_15
     _ITEST                                      16       1       1       0   .abs_section_16
     _VREGCTRL                                   19       1       1       0   .abs_section_19
     _MEMSIZ0                                    1C       1       1       0   .abs_section_1c
     _MEMSIZ1                                    1D       1       1       0   .abs_section_1d
     _INTCR                                      1E       1       1       0   .abs_section_1e
     _HPRIO                                      1F       1       1       0   .abs_section_1f
     _DBGC1                                      20       1       1       0   .abs_section_20
     _DBGSC                                      21       1       1       0   .abs_section_21
     _DBGCNT                                     24       1       1       0   .abs_section_24
     _DBGCCX                                     25       1       1       0   .abs_section_25
     _DBGC2                                      28       1       1       0   .abs_section_28
     _DBGC3                                      29       1       1       0   .abs_section_29
     _DBGCAX                                     2A       1       1       0   .abs_section_2a
     _DBGCBX                                     2D       1       1       0   .abs_section_2d
     _PPAGE                                      30       1       1       0   .abs_section_30
     _PORTK                                      32       1       1       0   .abs_section_32
     _DDRK                                       33       1       1       0   .abs_section_33
     _SYNR                                       34       1       1       0   .abs_section_34
     _REFDV                                      35       1       1       0   .abs_section_35
     _CRGFLG                                     37       1       1       0   .abs_section_37
     _CRGINT                                     38       1       1       0   .abs_section_38
     _CLKSEL                                     39       1       1       0   .abs_section_39
     _PLLCTL                                     3A       1       1       0   .abs_section_3a
     _RTICTL                                     3B       1       1       0   .abs_section_3b
     _COPCTL                                     3C       1       1       0   .abs_section_3c
     _ARMCOP                                     3F       1       1       0   .abs_section_3f
     _TIM0_TIOS                                  40       1       1       0   .abs_section_40
     _TIM0_CFORC                                 41       1       1       0   .abs_section_41
     _TIM0_OC7M                                  42       1       1       0   .abs_section_42
     _TIM0_OC7D                                  43       1       1       0   .abs_section_43
     _TIM0_TSCR1                                 46       1       1       0   .abs_section_46
     _TIM0_TTOV                                  47       1       1       0   .abs_section_47
     _TIM0_TCTL1                                 48       1       1       0   .abs_section_48
     _TIM0_TCTL3                                 4A       1       1       0   .abs_section_4a
     _TIM0_TIE                                   4C       1       1       0   .abs_section_4c
     _TIM0_TSCR2                                 4D       1       1       0   .abs_section_4d
     _TIM0_TFLG1                                 4E       1       1       0   .abs_section_4e
     _TIM0_TFLG2                                 4F       1       1       0   .abs_section_4f
     _TIM0_PACTL                                 60       1       1       0   .abs_section_60
     _TIM0_PAFLG                                 61       1       1       0   .abs_section_61
     _ATDSTAT0                                   86       1       1       1   .abs_section_86
     _ATDTEST1                                   89       1       1       0   .abs_section_89
     _ATDSTAT2                                   8A       1       1       0   .abs_section_8a
     _ATDSTAT1                                   8B       1       1       0   .abs_section_8b
     _PORTAD0                                    8E       1       1       0   .abs_section_8e
     _PORTAD1                                    8F       1       1       0   .abs_section_8f
     _SCI0CR1                                    CA       1       1       0   .abs_section_ca
     _SCI0CR2                                    CB       1       1       0   .abs_section_cb
     _SCI0SR1                                    CC       1       1       0   .abs_section_cc
     _SCI0SR2                                    CD       1       1       0   .abs_section_cd
     _SCI0DRH                                    CE       1       1       0   .abs_section_ce
     _SCI0DRL                                    CF       1       1       0   .abs_section_cf
     _SCI1CR1                                    D2       1       1       0   .abs_section_d2
     _SCI1CR2                                    D3       1       1       0   .abs_section_d3
     _SCI1SR1                                    D4       1       1       0   .abs_section_d4
     _SCI1SR2                                    D5       1       1       0   .abs_section_d5
     _SCI1DRH                                    D6       1       1       0   .abs_section_d6
     _SCI1DRL                                    D7       1       1       0   .abs_section_d7
     _SPICR1                                     D8       1       1       0   .abs_section_d8
     _SPICR2                                     D9       1       1       0   .abs_section_d9
     _SPIBR                                      DA       1       1       0   .abs_section_da
     _SPISR                                      DB       1       1       0   .abs_section_db
     _SPIDR                                      DD       1       1       0   .abs_section_dd
     _IBAD                                       E0       1       1       0   .abs_section_e0
     _IBFD                                       E1       1       1       0   .abs_section_e1
     _IBCR                                       E2       1       1       0   .abs_section_e2
     _IBSR                                       E3       1       1       0   .abs_section_e3
     _IBDR                                       E4       1       1       0   .abs_section_e4
     _SCI2CR1                                    EA       1       1       0   .abs_section_ea
     _SCI2CR2                                    EB       1       1       0   .abs_section_eb
     _SCI2SR1                                    EC       1       1       0   .abs_section_ec
     _SCI2SR2                                    ED       1       1       0   .abs_section_ed
     _SCI2DRH                                    EE       1       1       0   .abs_section_ee
     _SCI2DRL                                    EF       1       1       0   .abs_section_ef
     _DAC0_DACC0                                 F0       1       1       0   .abs_section_f0
     _DAC0_DACDLeft                              F2       1       1       0   .abs_section_f2
     _DAC0_DACDRight                             F3       1       1       0   .abs_section_f3
     _DAC1_DACC0                                 F4       1       1       0   .abs_section_f4
     _DAC1_DACDLeft                              F6       1       1       0   .abs_section_f6
     _DAC1_DACDRight                             F7       1       1       0   .abs_section_f7
     _FCLKDIV                                   100       1       1       0   .abs_section_100
     _FSEC                                      101       1       1       0   .abs_section_101
     _FCNFG                                     103       1       1       0   .abs_section_103
     _FPROT                                     104       1       1       0   .abs_section_104
     _FSTAT                                     105       1       1       0   .abs_section_105
     _FCMD                                      106       1       1       0   .abs_section_106
     _TIM1_TIOS                                 140       1       1       0   .abs_section_140
     _TIM1_CFORC                                141       1       1       0   .abs_section_141
     _TIM1_OC7M                                 142       1       1       0   .abs_section_142
     _TIM1_OC7D                                 143       1       1       0   .abs_section_143
     _TIM1_TSCR1                                146       1       1       0   .abs_section_146
     _TIM1_TTOV                                 147       1       1       0   .abs_section_147
     _TIM1_TCTL1                                148       1       1       0   .abs_section_148
     _TIM1_TCTL3                                14A       1       1       0   .abs_section_14a
     _TIM1_TIE                                  14C       1       1       0   .abs_section_14c
     _TIM1_TSCR2                                14D       1       1       0   .abs_section_14d
     _TIM1_TFLG1                                14E       1       1       0   .abs_section_14e
     _TIM1_TFLG2                                14F       1       1       0   .abs_section_14f
     _TIM1_PACTL                                160       1       1       0   .abs_section_160
     _TIM1_PAFLG                                161       1       1       0   .abs_section_161
     _TIM2_TIOS                                 180       1       1       0   .abs_section_180
     _TIM2_CFORC                                181       1       1       0   .abs_section_181
     _TIM2_OC7M                                 182       1       1       0   .abs_section_182
     _TIM2_OC7D                                 183       1       1       0   .abs_section_183
     _TIM2_TSCR1                                186       1       1       0   .abs_section_186
     _TIM2_TTOV                                 187       1       1       0   .abs_section_187
     _TIM2_TCTL1                                188       1       1       0   .abs_section_188
     _TIM2_TCTL3                                18A       1       1       0   .abs_section_18a
     _TIM2_TIE                                  18C       1       1       0   .abs_section_18c
     _TIM2_TSCR2                                18D       1       1       0   .abs_section_18d
     _TIM2_TFLG1                                18E       1       1       0   .abs_section_18e
     _TIM2_TFLG2                                18F       1       1       0   .abs_section_18f
     _TIM2_PACTL                                1A0       1       1       0   .abs_section_1a0
     _TIM2_PAFLG                                1A1       1       1       0   .abs_section_1a1
     _PWME                                      1E0       1       1       0   .abs_section_1e0
     _PWMPOL                                    1E1       1       1       0   .abs_section_1e1
     _PWMCLK                                    1E2       1       1       0   .abs_section_1e2
     _PWMPRCLK                                  1E3       1       1       0   .abs_section_1e3
     _PWMCAE                                    1E4       1       1       0   .abs_section_1e4
     _PWMCTL                                    1E5       1       1       0   .abs_section_1e5
     _PWMSCLA                                   1E8       1       1       0   .abs_section_1e8
     _PWMSCLB                                   1E9       1       1       0   .abs_section_1e9
     _PWMSDN                                    1FE       1       1       0   .abs_section_1fe
     _PMFCFG0                                   200       1       1       0   .abs_section_200
     _PMFCFG1                                   201       1       1       0   .abs_section_201
     _PMFCFG2                                   202       1       1       0   .abs_section_202
     _PMFCFG3                                   203       1       1       0   .abs_section_203
     _PMFFCTL                                   204       1       1       0   .abs_section_204
     _PMFFPIN                                   205       1       1       0   .abs_section_205
     _PMFFSTA                                   206       1       1       0   .abs_section_206
     _PMFQSMP                                   207       1       1       0   .abs_section_207
     _PMFDMPA                                   208       1       1       0   .abs_section_208
     _PMFDMPB                                   209       1       1       0   .abs_section_209
     _PMFDMPC                                   20A       1       1       0   .abs_section_20a
     _PMFOUTC                                   20C       1       1       0   .abs_section_20c
     _PMFOUTB                                   20D       1       1       0   .abs_section_20d
     _PMFDTMS                                   20E       1       1       0   .abs_section_20e
     _PMFCCTL                                   20F       1       1       0   .abs_section_20f
     _PMFENCA                                   220       1       1       0   .abs_section_220
     _PMFFQCA                                   221       1       1       0   .abs_section_221
     _PMFENCB                                   228       1       1       0   .abs_section_228
     _PMFFQCB                                   229       1       1       0   .abs_section_229
     _PMFENCC                                   230       1       1       0   .abs_section_230
     _PMFFQCC                                   231       1       1       0   .abs_section_231
     _PTT                                       240       1       1       2   .abs_section_240
     _PTIT                                      241       1       1       0   .abs_section_241
     _DDRT                                      242       1       1       0   .abs_section_242
     _RDRT                                      243       1       1       0   .abs_section_243
     _PERT                                      244       1       1       0   .abs_section_244
     _PPST                                      245       1       1       0   .abs_section_245
     _PTS                                       248       1       1       0   .abs_section_248
     _PTIS                                      249       1       1       0   .abs_section_249
     _DDRS                                      24A       1       1       0   .abs_section_24a
     _RDRS                                      24B       1       1       0   .abs_section_24b
     _PERS                                      24C       1       1       0   .abs_section_24c
     _PPSS                                      24D       1       1       0   .abs_section_24d
     _WOMS                                      24E       1       1       0   .abs_section_24e
     _PTM                                       250       1       1       5   .abs_section_250
     _PTIM                                      251       1       1       0   .abs_section_251
     _DDRM                                      252       1       1       1   .abs_section_252
     _RDRM                                      253       1       1       0   .abs_section_253
     _PERM                                      254       1       1       0   .abs_section_254
     _PPSM                                      255       1       1       0   .abs_section_255
     _WOMM                                      256       1       1       0   .abs_section_256
     _PTP                                       258       1       1       0   .abs_section_258
     _PTIP                                      259       1       1       0   .abs_section_259
     _DDRP                                      25A       1       1       0   .abs_section_25a
     _RDRP                                      25B       1       1       0   .abs_section_25b
     _PERP                                      25C       1       1       0   .abs_section_25c
     _PPSP                                      25D       1       1       0   .abs_section_25d
     _PTQ                                       260       1       1       0   .abs_section_260
     _PTIQ                                      261       1       1       0   .abs_section_261
     _DDRQ                                      262       1       1       0   .abs_section_262
     _RDRQ                                      263       1       1       0   .abs_section_263
     _PERQ                                      264       1       1       0   .abs_section_264
     _PPSQ                                      265       1       1       0   .abs_section_265
     _PTU                                       268       1       1       0   .abs_section_268
     _PTIU                                      269       1       1       0   .abs_section_269
     _DDRU                                      26A       1       1       0   .abs_section_26a
     _RDRU                                      26B       1       1       0   .abs_section_26b
     _PERU                                      26C       1       1       0   .abs_section_26c
     _PPSU                                      26D       1       1       0   .abs_section_26d
     _MODRR                                     26E       1       1       0   .abs_section_26e
     _PORTAB                                      0       2       2       0   .abs_section_0
     _DDRAB                                       2       2       2       0   .abs_section_2
     _PARTID                                     1A       2       2       0   .abs_section_1a
     _DBGTB                                      22       2       2       0   .abs_section_22
     _DBGCC                                      26       2       2       0   .abs_section_26
     _DBGCA                                      2B       2       2       0   .abs_section_2b
     _DBGCB                                      2E       2       2       0   .abs_section_2e
     _TIM0_TCNT                                  44       2       2       0   .abs_section_44
     _TIM0_TC4                                   58       2       2       0   .abs_section_58
     _TIM0_TC5                                   5A       2       2       0   .abs_section_5a
     _TIM0_TC6                                   5C       2       2       0   .abs_section_5c
     _TIM0_TC7                                   5E       2       2       0   .abs_section_5e
     _TIM0_PACNT                                 62       2       2       0   .abs_section_62
     _ATDCTL23                                   82       2       2       1   .abs_section_82
     _ATDCTL45                                   84       2       2       1   .abs_section_84
     _ATDDIEN                                    8C       2       2       0   .abs_section_8c
     _ATDDR0                                     90       2       2       1   .abs_section_90
     _ATDDR1                                     92       2       2       0   .abs_section_92
     _ATDDR2                                     94       2       2       0   .abs_section_94
     _ATDDR3                                     96       2       2       0   .abs_section_96
     _ATDDR4                                     98       2       2       0   .abs_section_98
     _ATDDR5                                     9A       2       2       0   .abs_section_9a
     _ATDDR6                                     9C       2       2       0   .abs_section_9c
     _ATDDR7                                     9E       2       2       0   .abs_section_9e
     _ATDDR8                                     A0       2       2       0   .abs_section_a0
     _ATDDR9                                     A2       2       2       0   .abs_section_a2
     _ATDDR10                                    A4       2       2       0   .abs_section_a4
     _ATDDR11                                    A6       2       2       0   .abs_section_a6
     _ATDDR12                                    A8       2       2       0   .abs_section_a8
     _ATDDR13                                    AA       2       2       0   .abs_section_aa
     _ATDDR14                                    AC       2       2       0   .abs_section_ac
     _ATDDR15                                    AE       2       2       0   .abs_section_ae
     _SCI0BD                                     C8       2       2       0   .abs_section_c8
     _SCI1BD                                     D0       2       2       0   .abs_section_d0
     _SCI2BD                                     E8       2       2       0   .abs_section_e8
     _TIM1_TCNT                                 144       2       2       0   .abs_section_144
     _TIM1_TC4                                  158       2       2       0   .abs_section_158
     _TIM1_TC5                                  15A       2       2       0   .abs_section_15a
     _TIM1_TC6                                  15C       2       2       0   .abs_section_15c
     _TIM1_TC7                                  15E       2       2       0   .abs_section_15e
     _TIM1_PACNT                                162       2       2       0   .abs_section_162
     _TIM2_TCNT                                 184       2       2       0   .abs_section_184
     _TIM2_TC4                                  198       2       2       0   .abs_section_198
     _TIM2_TC5                                  19A       2       2       0   .abs_section_19a
     _TIM2_TC6                                  19C       2       2       0   .abs_section_19c
     _TIM2_TC7                                  19E       2       2       0   .abs_section_19e
     _TIM2_PACNT                                1A2       2       2       0   .abs_section_1a2
     _PWMCNT01                                  1EC       2       2       0   .abs_section_1ec
     _PWMCNT23                                  1EE       2       2       0   .abs_section_1ee
     _PWMCNT45                                  1F0       2       2       0   .abs_section_1f0
     _PWMPER01                                  1F2       2       2       0   .abs_section_1f2
     _PWMPER23                                  1F4       2       2       0   .abs_section_1f4
     _PWMPER45                                  1F6       2       2       0   .abs_section_1f6
     _PWMDTY01                                  1F8       2       2       0   .abs_section_1f8
     _PWMDTY23                                  1FA       2       2       0   .abs_section_1fa
     _PWMDTY45                                  1FC       2       2       0   .abs_section_1fc
     _PMFVAL0                                   210       2       2       0   .abs_section_210
     _PMFVAL1                                   212       2       2       0   .abs_section_212
     _PMFVAL2                                   214       2       2       0   .abs_section_214
     _PMFVAL3                                   216       2       2       0   .abs_section_216
     _PMFVAL4                                   218       2       2       0   .abs_section_218
     _PMFVAL5                                   21A       2       2       0   .abs_section_21a
     _PMFCNTA                                   222       2       2       0   .abs_section_222
     _PMFMODA                                   224       2       2       0   .abs_section_224
     _PMFDTMA                                   226       2       2       0   .abs_section_226
     _PMFCNTB                                   22A       2       2       0   .abs_section_22a
     _PMFMODB                                   22C       2       2       0   .abs_section_22c
     _PMFDTMB                                   22E       2       2       0   .abs_section_22e
     _PMFCNTC                                   232       2       2       0   .abs_section_232
     _PMFMODC                                   234       2       2       0   .abs_section_234
     _PMFDTMC                                   236       2       2       0   .abs_section_236
     _PTAD                                      270       2       2       4   .abs_section_270
     _PTIAD                                     272       2       2       0   .abs_section_272
     _DDRAD                                     274       2       2       1   .abs_section_274
     _RDRAD                                     276       2       2       0   .abs_section_276
     _PERAD                                     278       2       2       0   .abs_section_278
     _PPSAD                                     27A       2       2       0   .abs_section_27a
     _PIEAD                                     27C       2       2       0   .abs_section_27c
     _PIFAD                                     27E       2       2       0   .abs_section_27e
MODULE:                 -- potentiometer.c.o --
- PROCEDURES:
     read_pot                                  C23E      18      24       8   .text       
- VARIABLES:
     pot_value                                  5C0       2       2       1   .common     
MODULE:                 -- SetLCD_LoadVHS.asm.o --
- PROCEDURES:
     SetLCD_LoadVHS                            CC5A      5C      92       1   SetLCD_LoadVHS.asm._SEC000000
- VARIABLES:
MODULE:                 -- SetLCD_ParentPswrdSet.asm.o --
- PROCEDURES:
     SetLCD_ParentPswrdSet                     CCB6      5C      92       1   SetLCD_ParentPswrdSet.asm._SEC000000
- VARIABLES:
MODULE:                 -- SetLCD_DateTime.asm.o --
- PROCEDURES:
     SetLCD_DateTime                           CD12      5C      92       1   SetLCD_DateTime.asm._SEC000000
- VARIABLES:
MODULE:                 -- SetLCD_PreviousMenu.asm.o --
- PROCEDURES:
     SetLCD_PreviousMenu                       CD6E      5C      92       3   SetLCD_PreviousMenu.asm._SEC000000
- VARIABLES:
MODULE:                 -- SetLCD_PlayMovie.asm.o --
- PROCEDURES:
     SetLCD_PlayMovie                          CDCA      5C      92       2   SetLCD_PlayMovie.asm._SEC000000
- VARIABLES:
MODULE:                 -- SetLCD_RecordNow.asm.o --
- PROCEDURES:
     SetLCD_RecordNow                          CE26      5C      92       1   SetLCD_RecordNow.asm._SEC000000
- VARIABLES:
MODULE:                 -- SetLCD_RecordLater.asm.o --
- PROCEDURES:
     SetLCD_RecordLater                        CE82      5C      92       1   SetLCD_RecordLater.asm._SEC000000
- VARIABLES:
MODULE:                 -- SetLCD_EjectVHS.asm.o --
- PROCEDURES:
     SetLCD_EjectVHS                           CEDE      5C      92       1   SetLCD_EjectVHS.asm._SEC000000
- VARIABLES:
MODULE:                 -- SetLCD_FastForward.asm.o --
- PROCEDURES:
     SetLCD_FastForward                        CF3A      62      98       1   SetLCD_FastForward.asm._SEC000000
- VARIABLES:
MODULE:                 -- SetLCD_Rewind.asm.o --
- PROCEDURES:
     SetLCD_Rewind                             CF9C      62      98       1   SetLCD_Rewind.asm._SEC000000
- VARIABLES:
MODULE:                 -- SetLCD_Playing.asm.o --
- PROCEDURES:
     SetLCD_Playing                            CFFE      62      98       1   SetLCD_Playing.asm._SEC000000
- VARIABLES:
MODULE:                 -- SetLCD_Pasued.asm.o --
- PROCEDURES:
     SetLCD_Paused                             D060      62      98       1   SetLCD_Pasued.asm._SEC000000
- VARIABLES:
MODULE:                 -- SetLCD_Error.asm.o --
- PROCEDURES:
     SetLCD_Error                              D0C2      AC     172       4   SetLCD_Error.asm._SEC000000
- VARIABLES:
MODULE:                 -- Pot_Menu_Selector.asm.o --
- PROCEDURES:
     Pot_Menu_Selector                         D16E      33      51       8   Pot_Menu_Selector.asm._SEC000000
     Start                                     D1A1      13      19       0   Pot_Menu_Selector.asm._SEC000000
     SOP2                                      D1B4       6       6       0   Pot_Menu_Selector.asm._SEC000000
     Main                                      D1BA      1F      31       0   Pot_Menu_Selector.asm._SEC000000
     MOP5                                      D1D9       6       6       0   Pot_Menu_Selector.asm._SEC000000
     MOP4                                      D1DF       6       6       0   Pot_Menu_Selector.asm._SEC000000
     MOP3                                      D1E5       6       6       0   Pot_Menu_Selector.asm._SEC000000
     MOP2                                      D1EB       6       6       0   Pot_Menu_Selector.asm._SEC000000
     Settings                                  D1F1      17      23       0   Pot_Menu_Selector.asm._SEC000000
     SeOP3                                     D208       6       6       0   Pot_Menu_Selector.asm._SEC000000
     SeOP2                                     D20E       6       6       0   Pot_Menu_Selector.asm._SEC000000
     Play                                      D214      1B      27       0   Pot_Menu_Selector.asm._SEC000000
     POP4                                      D22F       6       6       0   Pot_Menu_Selector.asm._SEC000000
     POP3                                      D235       6       6       0   Pot_Menu_Selector.asm._SEC000000
     POP2                                      D23B       6       6       0   Pot_Menu_Selector.asm._SEC000000
     Rate                                      D241      1B      27       0   Pot_Menu_Selector.asm._SEC000000
     Rate4                                     D25C       6       6       0   Pot_Menu_Selector.asm._SEC000000
     Rate3                                     D262       6       6       0   Pot_Menu_Selector.asm._SEC000000
     Rate2                                     D268       6       6       0   Pot_Menu_Selector.asm._SEC000000
     FF                                        D26E      1B      27       0   Pot_Menu_Selector.asm._SEC000000
     FF16X                                     D289       6       6       0   Pot_Menu_Selector.asm._SEC000000
     FF8X                                      D28F       6       6       0   Pot_Menu_Selector.asm._SEC000000
     FF4X                                      D295       6       6       0   Pot_Menu_Selector.asm._SEC000000
     Rewind                                    D29B      1B      27       0   Pot_Menu_Selector.asm._SEC000000
     R16X                                      D2B6       6       6       0   Pot_Menu_Selector.asm._SEC000000
     R8X                                       D2BC       6       6       0   Pot_Menu_Selector.asm._SEC000000
     R4X                                       D2C2       6       6       0   Pot_Menu_Selector.asm._SEC000000
     PCont                                     D2C8      17      23       0   Pot_Menu_Selector.asm._SEC000000
     PCont3                                    D2DF       6       6       0   Pot_Menu_Selector.asm._SEC000000
     PCont2                                    D2E5       6       6       0   Pot_Menu_Selector.asm._SEC000000
- VARIABLES:
MODULE:                 -- SetLCD_SelectSettingsMenu.asm.o --
- PROCEDURES:
     SetLCD_SelectSettingsMenu                 D2EB      5C      92       2   SetLCD_SelectSettingsMenu.asm._SEC000000
- VARIABLES:
MODULE:                 -- DelayCounter.asm.o --
- PROCEDURES:
     DelayCounter                              D347       4       4      49   DelayCounter.asm._SEC000000
     Loop                                      D34B       5       5       0   DelayCounter.asm._SEC000000
- VARIABLES:
MODULE:                 -- SetLCD_PlayMenu.asm.o --
- PROCEDURES:
     SetLCD_PlayMenu                           D350      5B      91       9   SetLCD_PlayMenu.asm._SEC000000
     Loop                                      D3AB      22      34       0   SetLCD_PlayMenu.asm._SEC000000
     LOADLED                                   D3CD       6       6       0   SetLCD_PlayMenu.asm._SEC000000
     PMS                                       D3D3      2E      46       0   SetLCD_PlayMenu.asm._SEC000000
     PlayM                                     D401       B      11       0   SetLCD_PlayMenu.asm._SEC000000
     StartMovie                                D40C       A      10       0   SetLCD_PlayMenu.asm._SEC000000
     PlayOption                                D416       A      10       0   SetLCD_PlayMenu.asm._SEC000000
     CheckPB                                   D420      11      17       0   SetLCD_PlayMenu.asm._SEC000000
     Release                                   D431      37      55       0   SetLCD_PlayMenu.asm._SEC000000
[...]
LOADLED                   USES LEDVAL port_s 
PMS                       USES Port_P Pot_Menu_Selector Option 
Parental                  USES SetLCD_ParentPswrdSet Port_P DelayCounter 
SetDT                     USES SetLCD_DateTime Port_P DelayCounter 
PrevMenu                  USES SetLCD_PreviousMenu Port_P DelayCounter 
                                PB_Testing 
Error                     USES SetLCD_Error 
MenuSwitch                USES SECOND CountMS PreviousMenu SetLCD_StartMenu 
GoMainMenu                USES SetLCD_MainMenu 
SetParCon                 USES SECOND CountMS Parent_Control_Disp 
ConfirmPss                USES ConfirmPW 
DTSet                     USES SECOND CountMS Enter_Date 
PICKSS                    USES CurrSSSet 
PSS                       USES PlayT 
WC                        USES Wall_Clock 
SetLCD_StartMenu          USES Menu PreviousMenu 
SMBegin                   USES SkipBo SetLCD_EjectingVHS 
SStart                    USES disp display_string ResetVariables 
Loop                      USES ConfPW Menu SSaverFlg PlayPause 
LOADLED                   USES LEDVAL port_s 
PMS                       USES RecLSet 
PMS1                      USES Port_P Pot_Menu_Selector Option 
LoadVHS                   USES SetLCD_LoadVHS Port_P DelayCounter PB_Testing 
Release                   USES Port_P DelayCounter 
Settings                  USES SetLCD_SelectSettingsMenu Port_P DelayCounter 
                                PB_Testing 
Release1                  USES Port_P DelayCounter 
Error                     USES SetLCD_Error 
ConfirmPss                USES ConfirmPW 
GoToSetting               USES SECOND CountMS SetLCD_SettingsMenu 
LoadingVHS                USES SECOND CountMS RTI_Load_VHS RTI_Eject_VHS 
                                SetLCD_MainMenu 
PICKSS                    USES CurrSSSet 
PSS                       USES PlayT 
WC                        USES Wall_Clock 
ChkCurrDT                 USES STRec 
ResetVariables            USES SpeedSwitch SpeedSetting SpeedTesting Counter 
                                StepperHalfTurn Alternator PreviousAlternate LoadingDots 
                                Repeats Num_Repeats 
G                         USES disp display_string 
PG                        USES disp display_string 
PG13                      USES disp display_string 
R                         USES disp display_string 
MovieLength               USES Count2 DISP disp 
Next                      USES disp display_string 
ReadK                     USES Keypad disp StoreIND 
Place                     USES Count2 
Cont1                     USES StoreIND Count2 disp display_string 
BS                        USES Count2 
Cont2                     USES disp display_string 
incCount                  USES Count2 display_string 
decCount                  USES Count2 
PopPlayT                  USES disp MTime Check_Play_Time DivideLED MRating 
Keypad                    USES SwitchMenu StoreIND 
LDRow                     USES Row 
ScanNR                    USES port_u DelayCounter var2 Seq StoreIND 
CheckSeq                  USES StoreIND var2 
Release                   USES port_u DelayCounter 
Return                    USES StoreIND SSaverFlg SECOND CountMS 
SSFlg                     USES SSKeypad StoreIND 
GoToStart                 USES SwitchMenu SetLCD_StartMenu 
RecordL                   USES Count2 DISP disp 
Next                      USES disp display_string 
ReadK                     USES Keypad disp StoreIND 
Place                     USES Count2 
Cont1                     USES StoreIND Count2 disp display_string 
BS                        USES Count2 
Cont2                     USES disp display_string 
incCount                  USES Count2 
decCount                  USES Count2 
ChckDate                  USES Check_Rec_Date 
End_Record_Date           USES Count2 DISP disp 
Next                      USES disp display_string 
ReadK                     USES Keypad disp StoreIND 
Place                     USES Count2 
Cont1                     USES StoreIND Count2 disp display_string 
BS                        USES Count2 
Cont2                     USES disp display_string 
incCount                  USES Count2 
decCount                  USES Count2 
ChckDate                  USES Check_RecEnd_Date 
MRating                   USES RatingLimitSet disp 
SetDisp                   USES disp RatingLimitSet 
StartRate                 USES Menu PreviousMenu disp display_string 
Loop                      USES ConfPW SSaverFlg PlayPause 
LOADLED                   USES LEDVAL port_s 
PMS                       USES Port_P SwitchMenu Pot_Menu_Selector Option 
GR                        USES G Port_P DelayCounter 
Release                   USES Port_P DelayCounter SECOND CountMS PreviousMenu 
                                Comp 
P1                        USES ParentRating 
PGR                       USES PG Port_P DelayCounter 
Release1                  USES Port_P DelayCounter SECOND CountMS PreviousMenu 
                                Comp 
P2                        USES ParentRating 
PG13R                     USES PG13 Port_P DelayCounter 
Release2                  USES Port_P DelayCounter SECOND CountMS PreviousMenu 
                                Comp 
P3                        USES ParentRating 
RR                        USES R Port_P DelayCounter 
Release3                  USES Port_P DelayCounter SECOND CountMS PreviousMenu 
                                Comp 
P4                        USES ParentRating 
GoToStart                 USES SwitchMenu SetLCD_StartMenu 
Ret                       USES Menu Ent_Curr_PW 
RetPC                     USES Parent_Control_Disp 
RetPl                     USES CurrSSSet PlayPause SetLCD_PlayMenu 
ConfirmPss                USES ConfirmPW 
CMPRat                    USES Port_t Comp ParentRating 
PICKSS                    USES CurrSSSet 
PSS                       USES PlayT 
WC                        USES Wall_Clock 
SetLCD_PlayButton         USES disp display_string 
SetLCD_Rewinding          USES disp Menu PreviousMenu display_string 
Loop                      USES SECOND CountMS Port_P SwitchMenu DelayCounter 
                                PB_Testing Menu Pot_Menu_Selector Option DC_Speed 
R2X                       USES disp display_string 
R4X                       USES disp display_string 
R8X                       USES disp display_string 
R16X                      USES disp display_string 
PlayVHS                   USES FForRewind SetLCD_PlayMenu 
GoToStart                 USES SwitchMenu FForRewind StartPlaying 
                                SetLCD_StartMenu 
SetLCD_FastForwarding     USES disp Menu PreviousMenu display_string 
Loop                      USES SECOND CountMS Port_P SwitchMenu DelayCounter 
                                PB_Testing Menu Pot_Menu_Selector Option DC_Speed 
FF2X                      USES disp display_string 
FF4X                      USES disp display_string 
FF8X                      USES disp display_string 
FF16X                     USES disp display_string 
PlayVHS                   USES FForRewind SetLCD_PlayMenu 
GoToStart                 USES SwitchMenu FForRewind StartPlaying 
                                SetLCD_StartMenu 
IRQ_ISR                   USES VHSLoaded DC_Speed Port_t RTICounter1 
                                RTI_Load_VHS RTI_Eject_VHS SwitchMenu SSaverFlg SECOND 
                                CountMS SSKeypad SkipBo LEDVAL CurrSSSet StartPlaying 
                                PasswordSet RatingLimitSet 
Exit                      USES RTI_Flag 
SecondsCounter            USES MicroSeconds 
Back                      USES MicroSeconds 
QuarterSecondCounter      USES Num_QuarterSeconds SongDone ToneCount 
HalfSecondCounter         USES Num_HalfSeconds Num_QuarterSeconds SongDone 
                                ToneCount 
ResetMicro                USES Num_Seconds Num_HalfSeconds Num_QuarterSeconds 
                                MicroSeconds 
Song_Play                 USES ToneCount Play_Sequence SendsChr PlayTone 
ResetToneCount            USES ToneCount SongDone 
Song_Eject                USES ToneCount Eject_Sequence SendsChr PlayTone 
ResetToneCount            USES ToneCount SongDone 
Song_Record               USES ToneCount Record_Sequence SendsChr PlayTone 
ResetToneCount            USES ToneCount SongDone 
SetLCD_EjectingVHS        USES disp LoadingDots 
EDisplay                  USES disp display_string 
Enter_Date                USES Count2 DISP disp 
Next                      USES disp display_string 
ReadK                     USES Keypad disp StoreIND 
Place                     USES Count2 
Cont1                     USES StoreIND Count2 disp display_string 
BS                        USES Count2 
Cont2                     USES disp display_string 
incCount                  USES Count2 
decCount                  USES Count2 
ChckDate                  USES Check_Date 
Check_Date                USES disp MO 
Nest                      USES disp 
ChkMO2                    USES disp 
Cont22                    USES disp DAY 
Pop_Day                   USES disp YEAR 
Cont_Y                    USES disp YEAR Enter_Time 
Invalid                   USES DISP2 disp 
Next                      USES disp display_string 
Return                    USES Enter_Date 
CheckY                    USES disp 
Check_D2                  USES disp 
Check_Time                USES disp HH 
Cont_H                    USES disp HH 
Chk_HR                    USES disp 
Min                       USES disp MM SS Menu 
Rate                      USES MRating 
SMenu                     USES SetLCD_SettingsMenu 
Inv                       USES DISP3 disp 
Next                      USES disp display_string 
Return                    USES Enter_Time 
Wall_Clock                USES Menu PreviousMenu VHSLoaded DISP disp 
Ejected                   USES DISP1 disp 
Next                      USES SSKeypad Keypad StoreIND Port_P DelayCounter 
                                PB_Testing CurrSSSet disp display_string MO DAY YEAR HH 
                                MM SS 
Wakeup                    USES SSaverFlg SECOND CountMS SSKeypad PreviousMenu 
StartM                    USES SetLCD_StartMenu 
PlayM                     USES SetLCD_PlayMenu 
ParentM                   USES Parent_Control_Disp 
MainM                     USES SetLCD_MainMenu 
SetM                      USES SetLCD_SettingsMenu 
RatingM                   USES MRating 
StartR                    USES RecordN 
Check_Rec_Date            USES disp RMO 
Nest                      USES disp 
ChkMO2                    USES disp 
Cont22                    USES disp RDAY 
Pop_Day                   USES disp RYEAR Enter_Rec_Time 
Invalid                   USES DISP2 disp 
Next                      USES disp display_string 
Return                    USES RecordL 
Check_D2                  USES disp 
Check_Rec_Time            USES disp RHH 
Cont_H                    USES disp RHH 
Chk_HR                    USES disp 
Min                       USES disp RMM RSS RecLSet End_Record_Date 
Inv                       USES DISP3 disp 
Next                      USES disp display_string 
Return                    USES Enter_Rec_Time 
Check_Play_Time           USES disp 
Inv                       USES DISP3 disp 
Next                      USES disp display_string 
Return                    USES MovieLength 
Check_RecEnd_Date         USES disp ERMO 
Nest                      USES disp 
ChkMO2                    USES disp 
Cont22                    USES disp ERDAY 
Pop_Day                   USES disp ERYEAR End_Record_Time 
Invalid                   USES DISP2 disp 
Next                      USES disp display_string 
Return                    USES End_Record_Date 
Check_D2                  USES disp 
Check_RecEnd_Time         USES disp ERHH 
Cont_H                    USES disp ERHH 
Chk_HR                    USES disp 
Min                       USES disp ERMM ERSS RecLSet SetLCD_RecordingSet 
Inv                       USES DISP3 disp 
Next                      USES disp display_string 
Return                    USES End_Record_Time 
Enter_Time                USES Count2 DISP disp 
Next                      USES disp display_string 
ReadK                     USES Keypad disp StoreIND 
Place                     USES Count2 
Cont1                     USES StoreIND Count2 disp display_string 
BS                        USES Count2 
Cont2                     USES disp display_string 
incCount                  USES Count2 
decCount                  USES Count2 
ChckDate                  USES Check_Time 
RecordN                   USES RSongDone SongDone 
RGo                       USES Menu PreviousMenu PlayPause DISP1 disp 
RecS                      USES DISP disp 
Next                      USES SSKeypad Keypad StoreIND LEDVAL port_s Port_P 
                                DelayCounter PB_Testing disp display_string RECNH RECNTM 
                                RECNOM RECNTS RECNOS 
Release                   USES Port_P DelayCounter 
Pause                     USES PlayPause StartPlaying RecordN 
NowPause                  USES PlayPause StartPlaying RecordN 
Wakeup                    USES SSaverFlg SECOND CountMS SSKeypad PreviousMenu 
StartM                    USES SetLCD_StartMenu 
PlayM                     USES SetLCD_PlayMenu 
ParentM                   USES Parent_Control_Disp 
MainM                     USES SetLCD_MainMenu 
SetM                      USES SetLCD_SettingsMenu 
RatingM                   USES MRating 
Enter_Rec_Time            USES Count2 DISP disp 
Next                      USES disp display_string 
ReadK                     USES Keypad disp StoreIND 
Place                     USES Count2 
Cont1                     USES StoreIND Count2 disp display_string 
BS                        USES Count2 
Cont2                     USES disp display_string 
incCount                  USES Count2 
decCount                  USES Count2 
ChckDate                  USES Check_Rec_Time 
PlayT                     USES Menu PreviousMenu PlayPause DISP1 disp 
PlayS                     USES DISP disp 
Next                      USES SSKeypad Keypad StoreIND LEDVAL port_s Port_P 
                                DelayCounter PB_Testing disp display_string MTime CurrSSSet 
Release                   USES Port_P DelayCounter 
Pause                     USES PlayPause Alternator StartPlaying PlayT 
NowPause                  USES PlayPause Alternator StartPlaying PlayT 
Wakeup                    USES SSaverFlg SECOND CountMS SSKeypad PreviousMenu 
StartM                    USES SetLCD_StartMenu 
PlayM                     USES SetLCD_PlayMenu 
ParentM                   USES Parent_Control_Disp 
MainM                     USES SetLCD_MainMenu 
SetM                      USES SetLCD_SettingsMenu 
RatingM                   USES MRating 
ConfirmPW                 USES disp display_string Keypad StoreIND CONF PASS 
Same1                     USES PASS CONF 
Same2                     USES PASS CONF 
Same3                     USES PASS CONF 
Same                      USES PSET 
PWCh                      USES PWChanged 
PWCONF                    USES Confirmed 
Diff                      USES Port_t Different NoMatch Ent_Curr_PW 
YEP                       USES NTK 
LPM                       USES StartF ConfPW Menu 
StartM                    USES SetLCD_StartMenu 
PlayM                     USES SetLCD_PlayMenu 
ParentM                   USES PWCFlg Parent_Control_Disp 
Nxt                       USES PWCFlg Ent_Curr_PW 
MainM                     USES SetLCD_MainMenu 
SetM                      USES SetLCD_SettingsMenu 
RatingM                   USES Port_t 
Cont                      USES Different PCDisp Parent_Control_Disp 
PlayMenu                  USES SetLCD_PlayMenu 
Cont2                     USES Different PreviousMenu 
StartUP                   USES StartF SetLCD_StartMenu 
End_Record_Time           USES Count2 DISP disp 
Next                      USES disp display_string 
ReadK                     USES Keypad disp StoreIND 
Place                     USES Count2 
Cont1                     USES StoreIND Count2 disp display_string 
BS                        USES Count2 
Cont2                     USES disp display_string 
incCount                  USES Count2 
decCount                  USES Count2 
ChckDate                  USES Check_RecEnd_Time 
STRec                     USES RYEAR YEAR RMO MO RDAY DAY RHH HH RMM MM RSS SS 
                                CurrSSSet 
DivideLED                 USES MTime DivVal 
SetPCMO                   USES disp display_string 
SetPCPW                   USES disp display_string 
NoMatch                   USES disp display_string 
Return                    USES ConfirmPW 
PWChanged                 USES disp display_string 
NTK                       USES disp display_string 
Confirmed                 USES disp display_string 
Parent_Control_Disp       USES disp ParentRating 
dispOFF                   USES disp 
dispG                     USES disp 
dispPG                    USES disp 
dispPG13                  USES disp 
dispR                     USES disp 
Display                   USES disp display_string Menu 
Loop                      USES PCDisp ConfPW SSaverFlg PlayPause 
LOADLED                   USES LEDVAL port_s 
PMS                       USES Pot_Menu_Selector Option 
SelSetPC                  USES SetPCMO Port_P DelayCounter PB_Testing 
Release                   USES Port_P DelayCounter SECOND CountMS 
                                RatingLimitSet MRating 
SelSetPW                  USES SetPCPW Port_P DelayCounter PB_Testing 
Release1                  USES Port_P DelayCounter SECOND CountMS Port_t 
                                PasswordSet Ent_Curr_PW 
Prev                      USES SetLCD_PreviousMenu Port_P DelayCounter 
                                PB_Testing 
Release2                  USES Port_P DelayCounter SECOND CountMS 
                                SetLCD_SettingsMenu 
ConfirmPss                USES PWCFlg ConfirmPW 
ConfirmPss1               USES ConfirmPW 
PICKSS                    USES CurrSSSet 
PSS                       USES PlayT 
WC                        USES Wall_Clock 
Ent_Curr_PW               USES PasswordSet disp 
SetDisp                   USES disp PasswordSet 
StartPW                   USES disp display_string PASS Keypad StoreIND 
                                ConfirmPW 
SetLCD_RecordingSet       USES disp display_string 
Return                    USES SetLCD_MainMenu 

*********************************************************************************************
DEPENDENCY TREE
*********************************************************************************************
 Entry               
 | 
 +- ResetVariables      
 |    
 +- init_LCD            
 |  | 
 |  +- delay_ms            
 |  |    
 |  +- sendCommand         
 |  |  | 
 |  |  +- epulse              
 |  |     | 
 |  |     +- delay_ms             (see above)
 |  |        
 |  +- epulse               (see above)
 |     
 +- Enter_Date          
    | 
    +- DISP                
         
 RTI_ISR             
 | 
 +- SecondsCounter      
      
 IRQ_ISR             
   
*********************************************************************************************
STATISTIC SECTION
---------------------------------------------------------------------------------------------

ExeFile:
--------
Number of blocks to be downloaded: 30
Total size of all blocks to be downloaded: 15093

